[2026-07-03 00:00:00] [INIT] 项目目录与核心文件初始化完成
  触发：业主发起项目初始化
  操作：创建 config/、survey/、cad/、budget/、contracts/、renders/、docs/、audit/、scripts/、schedule/ 目录
  文件：README.md、config/house.yaml、config/materials.yaml、budget/base.json、docs/decision_log.md
  关联：无
  Git：待提交

[2026-07-05 00:00:00] [DESIGN] 采用第三方设计图作为套内布局底图，并修正面积数据
  触发：业主提供 装修图纸.dxf，并确认合同分户图上的开敞外廊为入户花园
  操作：
    - 归档 装修图纸.dxf 到 cad/design/01_floor_plan/floor_plan_design_2026-07-05.dxf
    - 恢复合同扫描图 survey/photos/contract_structure_preview_2026-07-03.png
    - 重写 config/house.yaml：建面 119.38㎡、套内 94.76㎡、层高 3.0m、四房两厅两卫 + 入户花园
    - 更新 config/layout/final.yaml：状态 design，来源为设计图 + 合同分户图
    - 更新 config/materials.yaml：增加玻璃幕墙已由开发商完成备注
    - 更新 budget/base.json：按新面积和门窗数量重新匡算，删除封窗预算
    - 更新 README.md、docs/designer_brief.md、docs/decision_log.md
    - 删除过时文件：scripts/floorplan_to_dxf.py、scripts/generate_dxf.py、scripts/slice_floorplan.py、
      scripts/recognition_schema.json、cad/original/contract_floor_plan.dxf、cad/original/floorplan_data.json、
      budget/changes/CHG-2026-0715-001.json、renders/web/floor_sketch.html、tools/floorplan-editor/index.html、
      floor.dxf、floor1.dxf、newone.dxf、survey/photos/slices/*
  文件：config/house.yaml、config/layout/final.yaml、config/materials.yaml、budget/base.json、README.md、
        docs/designer_brief.md、docs/decision_log.md、audit/audit.log
  关联：cad/design/01_floor_plan/floor_plan_design_2026-07-05.dxf、survey/photos/contract_structure_preview_2026-07-03.png
  Git：已提交 884462e

[2026-07-05 00:00:00] [HVAC] 确认西户唯一设备平台，完成空调方案模拟
  触发：业主确认东户不属于 701，仅西设备平台可用，且倾向中央空调方案
  操作：
    - 从 config/house.yaml 中删除东设备平台
    - 更新西设备平台备注：说明仅 2.48㎡，建议中央空调/多联机
    - 更新 config/layout/final.yaml：删除东设备平台待确认项
    - 更新 docs/designer_brief.md：删除东设备平台问题，增加空调方案问题
    - 新增 docs/hvac_options_analysis.md：冷负荷估算、外机平台容量分析、方案比选
  文件：config/house.yaml、config/layout/final.yaml、docs/designer_brief.md、
        docs/hvac_options_analysis.md、audit/audit.log
  关联：cad/original/701_dimensions.csv
  Git：待提交
